// Jest Snapshot v1, https://goo.gl/fbAQLP

exports[`renders when there is one item 1`] = `
<div
  className="multipleFlights"
>
  <div
    className="card"
  >
    <div
      className="card-body"
    >
      <div
        className="row"
      >
        <div
          className="col-sm"
        >
          <h4>
            Multiple
          </h4>
          <button
            className="expandFlagButton"
            onClick={[Function]}
          >
            ShowDetails
          </button>
        </div>
        <div
          className="col-sm"
        >
          <h4>
            6:10
          </h4>
          <span>
            Pune (PNQ)
          </span>
        </div>
        <div
          className="col-sm"
        >
          <h4>
            11:30
          </h4>
          <span>
            Delhi (DEL)
          </span>
        </div>
        <div
          className="col-sm"
        >
          <h4
            className="totalDuration"
          >
            5h:20m
          </h4>
          <span>
            Total Duration
          </span>
        </div>
        <div
          className="col-sm"
        >
          <h4
            className="redColor"
          >
            â‚¹6,674.00
          </h4>
        </div>
      </div>
    </div>
  </div>
</div>
`;
