// Jest Snapshot v1, https://goo.gl/fbAQLP

exports[`renders when there is one item 1`] = `
<div
  className="flightList"
>
  <div
    className="card"
  >
    <div
      className="card-body"
    >
      <div
        className="row"
      >
        <div
          className="col-sm"
        >
          <h4>
            Air India
          </h4>
          <span>
            AI-104
          </span>
        </div>
        <div
          className="col-sm"
        >
          <h4>
            8:10
          </h4>
          <span>
            Pune (PNQ)
          </span>
        </div>
        <div
          className="col-sm"
        >
          <h4>
            10:20
          </h4>
          <span>
            Delhi (DEL)
          </span>
        </div>
        <div
          className="col-sm"
        >
          <h4>
            2h:10m
          </h4>
          <span>
            Non Stop
          </span>
        </div>
        <div
          className="col-sm"
        >
          <h4
            className="redColor"
          >
            â‚¹4,681.00
          </h4>
        </div>
      </div>
    </div>
  </div>
</div>
`;
